// Jest Snapshot v1, https://goo.gl/fbAQLP

exports[`renders correctly 1`] = `
<div>
  <h1
    className="App-title"
  >
    Screening Results
  </h1>
  <p>
    Congratulations! You are eligible for this study.
  </p>
  <button
    onClick={[Function]}
  >
    Start Questionnaire
  </button>
</div>
`;
